{
  "action" : "getCollectionInformation",
  "entity_types" : [ ],
  "visual_options" : {
    "arc_bundle" : "none"
  }
}